// Jest Snapshot v1, https://goo.gl/fbAQLP

exports[`Form Element renders correctly 1`] = `
<form
  className="sc-bdVaJa jSHLiW"
/>
`;
