// Jest Snapshot v1, https://goo.gl/fbAQLP

exports[`FlexContainer Element renders correctly 1`] = `
<div
  className="sc-bdVaJa bPGLpq"
/>
`;
