// Jest Snapshot v1, https://goo.gl/fbAQLP

exports[`Arrow Element renders correctly 1`] = `
.c0 {
  font-size: 1.5rem;
}

<span
  aria-hidden={true}
  className="fa fa-arrow-up c0"
/>
`;
