// Jest Snapshot v1, https://goo.gl/fbAQLP

exports[`H5 Element applies mediumWeight modifier 1`] = `
<h5
  className="sc-bdVaJa dpKQGG"
>
  Header Element
</h5>
`;

exports[`H5 Element renders correctly 1`] = `
<h5
  className="sc-bdVaJa dpKQGG"
>
  Header Element
</h5>
`;
