// Jest Snapshot v1, https://goo.gl/fbAQLP

exports[`FlexRow Element renders correctly 1`] = `
<div
  className="sc-bdVaJa jAkyeT"
/>
`;
