// Jest Snapshot v1, https://goo.gl/fbAQLP

exports[`FlexColumn Element renders correctly 1`] = `
<div
  className="sc-bdVaJa faXlxK"
/>
`;
